Error: Unable to access jarfile CommandlineCalculator-1.0-jar-with-dependencies.jar
